
===========================================================================
report_checks -unconstrained
===========================================================================
======================= Typical Corner ===================================

Startpoint: rst_n (input port clocked by clk)
Endpoint: _1389_ (recovery check against rising-edge clock clk)
Path Group: asynchronous
Path Type: max

Fanout     Cap    Slew   Delay    Time   Description
-----------------------------------------------------------------------------
                          0.00    0.00   clock clk (rise edge)
                          0.00    0.00   clock network delay (propagated)
                          7.41    7.41 ^ input external delay
                  0.02    0.01    7.42 ^ rst_n (in)
     1    0.00                           rst_n (net)
                  0.02    0.00    7.42 ^ input22/A (sky130_fd_sc_hd__clkbuf_2)
                  0.07    0.12    7.54 ^ input22/X (sky130_fd_sc_hd__clkbuf_2)
     4    0.01                           net22 (net)
                  0.07    0.00    7.54 ^ fanout35/A (sky130_fd_sc_hd__clkbuf_2)
                  0.09    0.15    7.69 ^ fanout35/X (sky130_fd_sc_hd__clkbuf_2)
     5    0.01                           net35 (net)
                  0.09    0.00    7.69 ^ fanout32/A (sky130_fd_sc_hd__clkbuf_4)
                  0.12    0.21    7.90 ^ fanout32/X (sky130_fd_sc_hd__clkbuf_4)
    10    0.03                           net32 (net)
                  0.12    0.00    7.90 ^ fanout31/A (sky130_fd_sc_hd__clkbuf_4)
                  0.12    0.23    8.12 ^ fanout31/X (sky130_fd_sc_hd__clkbuf_4)
    10    0.04                           net31 (net)
                  0.12    0.00    8.12 ^ _1389_/RESET_B (sky130_fd_sc_hd__dfrtp_1)
                                  8.12   data arrival time

                         37.04   37.04   clock clk (rise edge)
                          0.00   37.04   clock source latency
                  0.04    0.03   37.07 ^ clk (in)
     1    0.01                           clk (net)
                  0.04    0.00   37.07 ^ clkbuf_0_clk/A (sky130_fd_sc_hd__clkbuf_16)
                  0.08    0.15   37.22 ^ clkbuf_0_clk/X (sky130_fd_sc_hd__clkbuf_16)
     8    0.06                           clknet_0_clk (net)
                  0.08    0.00   37.22 ^ clkbuf_3_2__f_clk/A (sky130_fd_sc_hd__clkbuf_16)
                  0.05    0.14   37.35 ^ clkbuf_3_2__f_clk/X (sky130_fd_sc_hd__clkbuf_16)
     9    0.03                           clknet_3_2__leaf_clk (net)
                  0.05    0.00   37.36 ^ _1389_/CLK (sky130_fd_sc_hd__dfrtp_1)
                         -0.25   37.11   clock uncertainty
                          0.00   37.11   clock reconvergence pessimism
                          0.21   37.32   library recovery time
                                 37.32   data required time
-----------------------------------------------------------------------------
                                 37.32   data required time
                                 -8.12   data arrival time
-----------------------------------------------------------------------------
                                 29.19   slack (MET)


Startpoint: WINDOW_SIZE[3] (input port clocked by clk)
Endpoint: _1397_ (rising edge-triggered flip-flop clocked by clk)
Path Group: clk
Path Type: max

Fanout     Cap    Slew   Delay    Time   Description
-----------------------------------------------------------------------------
                          0.00    0.00   clock clk (rise edge)
                          0.00    0.00   clock network delay (propagated)
                          7.41    7.41 v input external delay
                  0.01    0.01    7.42 v WINDOW_SIZE[3] (in)
     1    0.01                           WINDOW_SIZE[3] (net)
                  0.01    0.00    7.42 v input17/A (sky130_fd_sc_hd__buf_6)
                  0.02    0.10    7.52 v input17/X (sky130_fd_sc_hd__buf_6)
     2    0.01                           net17 (net)
                  0.02    0.00    7.52 v _0757_/A (sky130_fd_sc_hd__buf_6)
                  0.03    0.12    7.64 v _0757_/X (sky130_fd_sc_hd__buf_6)
     6    0.02                           _0065_ (net)
                  0.03    0.00    7.64 v _0764_/B (sky130_fd_sc_hd__or2_2)
                  0.09    0.33    7.96 v _0764_/X (sky130_fd_sc_hd__or2_2)
     5    0.01                           _0072_ (net)
                  0.09    0.00    7.96 v _0765_/A3 (sky130_fd_sc_hd__o41a_1)
                  0.09    0.44    8.40 v _0765_/X (sky130_fd_sc_hd__o41a_1)
     2    0.01                           _0073_ (net)
                  0.09    0.00    8.40 v _0766_/B (sky130_fd_sc_hd__xnor2_1)
                  0.20    0.21    8.61 ^ _0766_/Y (sky130_fd_sc_hd__xnor2_1)
     2    0.01                           _0074_ (net)
                  0.20    0.00    8.61 ^ _0770_/A (sky130_fd_sc_hd__xor2_1)
                  0.19    0.22    8.84 ^ _0770_/X (sky130_fd_sc_hd__xor2_1)
     2    0.01                           _0078_ (net)
                  0.19    0.00    8.84 ^ _0772_/A (sky130_fd_sc_hd__xor2_1)
                  0.21    0.25    9.09 ^ _0772_/X (sky130_fd_sc_hd__xor2_1)
     2    0.01                           _0080_ (net)
                  0.21    0.00    9.09 ^ _0775_/A (sky130_fd_sc_hd__xnor2_1)
                  0.07    0.13    9.22 v _0775_/Y (sky130_fd_sc_hd__xnor2_1)
     1    0.01                           _0083_ (net)
                  0.07    0.00    9.22 v _0778_/A (sky130_fd_sc_hd__xnor2_1)
                  0.22    0.25    9.47 ^ _0778_/Y (sky130_fd_sc_hd__xnor2_1)
     2    0.01                           _0086_ (net)
                  0.22    0.00    9.47 ^ _0779_/B (sky130_fd_sc_hd__xor2_1)
                  0.16    0.21    9.68 ^ _0779_/X (sky130_fd_sc_hd__xor2_1)
     2    0.01                           _0087_ (net)
                  0.16    0.00    9.68 ^ rebuffer21/A (sky130_fd_sc_hd__clkbuf_1)
                  0.08    0.14    9.82 ^ rebuffer21/X (sky130_fd_sc_hd__clkbuf_1)
     2    0.01                           net56 (net)
                  0.08    0.00    9.82 ^ _0801_/A3 (sky130_fd_sc_hd__a31o_1)
                  0.11    0.21   10.02 ^ _0801_/X (sky130_fd_sc_hd__a31o_1)
     1    0.01                           _0109_ (net)
                  0.11    0.00   10.02 ^ _0811_/A (sky130_fd_sc_hd__xor2_2)
                  0.21    0.23   10.25 ^ _0811_/X (sky130_fd_sc_hd__xor2_2)
     5    0.01                           _0119_ (net)
                  0.21    0.00   10.25 ^ _0813_/B1 (sky130_fd_sc_hd__a211oi_1)
                  0.09    0.10   10.35 v _0813_/Y (sky130_fd_sc_hd__a211oi_1)
     2    0.01                           _0121_ (net)
                  0.09    0.00   10.35 v _0816_/A (sky130_fd_sc_hd__or3_2)
                  0.11    0.57   10.92 v _0816_/X (sky130_fd_sc_hd__or3_2)
     3    0.01                           _0124_ (net)
                  0.11    0.00   10.92 v _1021_/C (sky130_fd_sc_hd__or4_1)
                  0.09    0.51   11.43 v _1021_/X (sky130_fd_sc_hd__or4_1)
     1    0.00                           _0329_ (net)
                  0.09    0.00   11.43 v _1022_/B1 (sky130_fd_sc_hd__o31a_1)
                  0.08    0.15   11.58 v _1022_/X (sky130_fd_sc_hd__o31a_1)
     3    0.01                           _0330_ (net)
                  0.08    0.00   11.58 v _1023_/B (sky130_fd_sc_hd__xor2_1)
                  0.05    0.15   11.74 v _1023_/X (sky130_fd_sc_hd__xor2_1)
     1    0.00                           _0331_ (net)
                  0.05    0.00   11.74 v _1025_/A1 (sky130_fd_sc_hd__mux2_1)
                  0.08    0.34   12.08 v _1025_/X (sky130_fd_sc_hd__mux2_1)
     2    0.01                           _0333_ (net)
                  0.08    0.00   12.08 v _1026_/B (sky130_fd_sc_hd__xor2_1)
                  0.20    0.21   12.29 ^ _1026_/X (sky130_fd_sc_hd__xor2_1)
     2    0.01                           _0334_ (net)
                  0.20    0.00   12.29 ^ _1028_/C (sky130_fd_sc_hd__nand3_2)
                  0.12    0.14   12.43 v _1028_/Y (sky130_fd_sc_hd__nand3_2)
     5    0.01                           _0336_ (net)
                  0.12    0.00   12.43 v _1030_/A2 (sky130_fd_sc_hd__a21o_1)
                  0.05    0.23   12.66 v _1030_/X (sky130_fd_sc_hd__a21o_1)
     2    0.01                           _0338_ (net)
                  0.05    0.00   12.66 v _1031_/D (sky130_fd_sc_hd__and4_1)
                  0.07    0.24   12.91 v _1031_/X (sky130_fd_sc_hd__and4_1)
     4    0.01                           _0339_ (net)
                  0.07    0.00   12.91 v _1034_/A (sky130_fd_sc_hd__or3b_2)
                  0.11    0.54   13.45 v _1034_/X (sky130_fd_sc_hd__or3b_2)
     4    0.01                           _0342_ (net)
                  0.11    0.00   13.45 v _1037_/B1 (sky130_fd_sc_hd__a22o_1)
                  0.05    0.22   13.67 v _1037_/X (sky130_fd_sc_hd__a22o_1)
     2    0.01                           _0345_ (net)
                  0.05    0.00   13.67 v _1038_/D (sky130_fd_sc_hd__and4b_1)
                  0.06    0.23   13.91 v _1038_/X (sky130_fd_sc_hd__and4b_1)
     3    0.01                           _0346_ (net)
                  0.06    0.00   13.91 v _1042_/B1 (sky130_fd_sc_hd__o2bb2a_1)
                  0.06    0.31   14.22 v _1042_/X (sky130_fd_sc_hd__o2bb2a_1)
     2    0.00                           _0350_ (net)
                  0.06    0.00   14.22 v _1044_/B (sky130_fd_sc_hd__or3b_1)
                  0.09    0.40   14.62 v _1044_/X (sky130_fd_sc_hd__or3b_1)
     3    0.01                           _0352_ (net)
                  0.09    0.00   14.62 v _1047_/B1 (sky130_fd_sc_hd__a22o_1)
                  0.05    0.21   14.83 v _1047_/X (sky130_fd_sc_hd__a22o_1)
     2    0.00                           _0355_ (net)
                  0.05    0.00   14.83 v _1048_/D (sky130_fd_sc_hd__and4_1)
                  0.05    0.22   15.05 v _1048_/X (sky130_fd_sc_hd__and4_1)
     3    0.01                           _0356_ (net)
                  0.05    0.00   15.05 v _1051_/B1 (sky130_fd_sc_hd__o2bb2a_1)
                  0.06    0.32   15.37 v _1051_/X (sky130_fd_sc_hd__o2bb2a_1)
     2    0.01                           _0359_ (net)
                  0.06    0.00   15.37 v _1053_/B (sky130_fd_sc_hd__or4bb_2)
                  0.13    0.69   16.06 v _1053_/X (sky130_fd_sc_hd__or4bb_2)
     4    0.01                           _0361_ (net)
                  0.13    0.00   16.06 v _1056_/B1 (sky130_fd_sc_hd__a22o_1)
                  0.04    0.22   16.28 v _1056_/X (sky130_fd_sc_hd__a22o_1)
     2    0.00                           _0364_ (net)
                  0.04    0.00   16.28 v _1057_/D (sky130_fd_sc_hd__and4b_1)
                  0.06    0.22   16.50 v _1057_/X (sky130_fd_sc_hd__and4b_1)
     3    0.01                           _0365_ (net)
                  0.06    0.00   16.50 v _1061_/B1 (sky130_fd_sc_hd__o2bb2a_1)
                  0.05    0.30   16.80 v _1061_/X (sky130_fd_sc_hd__o2bb2a_1)
     2    0.00                           _0369_ (net)
                  0.05    0.00   16.80 v _1063_/B (sky130_fd_sc_hd__or4bb_2)
                  0.11    0.66   17.46 v _1063_/X (sky130_fd_sc_hd__or4bb_2)
     4    0.01                           _0371_ (net)
                  0.11    0.00   17.46 v _1066_/B1 (sky130_fd_sc_hd__a2bb2o_1)
                  0.05    0.31   17.78 v _1066_/X (sky130_fd_sc_hd__a2bb2o_1)
     2    0.00                           _0374_ (net)
                  0.05    0.00   17.78 v _1067_/D (sky130_fd_sc_hd__and4bb_1)
                  0.08    0.26   18.04 v _1067_/X (sky130_fd_sc_hd__and4bb_1)
     5    0.01                           _0375_ (net)
                  0.08    0.00   18.04 v _1070_/B1 (sky130_fd_sc_hd__o2bb2a_1)
                  0.07    0.33   18.37 v _1070_/X (sky130_fd_sc_hd__o2bb2a_1)
     2    0.01                           _0378_ (net)
                  0.07    0.00   18.37 v _1072_/B (sky130_fd_sc_hd__or3b_2)
                  0.11    0.51   18.88 v _1072_/X (sky130_fd_sc_hd__or3b_2)
     4    0.01                           _0380_ (net)
                  0.11    0.00   18.88 v _1075_/B1 (sky130_fd_sc_hd__a22o_1)
                  0.05    0.21   19.09 v _1075_/X (sky130_fd_sc_hd__a22o_1)
     2    0.00                           _0383_ (net)
                  0.05    0.00   19.09 v _1076_/D (sky130_fd_sc_hd__and4b_1)
                  0.08    0.25   19.34 v _1076_/X (sky130_fd_sc_hd__and4b_1)
     4    0.01                           _0384_ (net)
                  0.08    0.00   19.34 v _1079_/B1 (sky130_fd_sc_hd__o22a_1)
                  0.04    0.19   19.53 v _1079_/X (sky130_fd_sc_hd__o22a_1)
     2    0.00                           _0387_ (net)
                  0.04    0.00   19.53 v _1082_/B (sky130_fd_sc_hd__or4bb_1)
                  0.12    0.55   20.08 v _1082_/X (sky130_fd_sc_hd__or4bb_1)
     4    0.01                           _0390_ (net)
                  0.12    0.00   20.08 v _1084_/C_N (sky130_fd_sc_hd__or4bb_1)
                  0.08    0.24   20.32 ^ _1084_/X (sky130_fd_sc_hd__or4bb_1)
     4    0.01                           _0392_ (net)
                  0.08    0.00   20.32 ^ _1086_/C_N (sky130_fd_sc_hd__or4bb_2)
                  0.14    0.70   21.02 v _1086_/X (sky130_fd_sc_hd__or4bb_2)
     5    0.01                           _0394_ (net)
                  0.14    0.00   21.02 v _1089_/B1 (sky130_fd_sc_hd__a22o_1)
                  0.06    0.24   21.26 v _1089_/X (sky130_fd_sc_hd__a22o_1)
     2    0.01                           _0397_ (net)
                  0.06    0.00   21.26 v _1091_/B2 (sky130_fd_sc_hd__a22o_1)
                  0.06    0.23   21.49 v _1091_/X (sky130_fd_sc_hd__a22o_1)
     2    0.01                           _0399_ (net)
                  0.06    0.00   21.49 v _1093_/B2 (sky130_fd_sc_hd__a22o_1)
                  0.05    0.22   21.71 v _1093_/X (sky130_fd_sc_hd__a22o_1)
     2    0.00                           _0401_ (net)
                  0.05    0.00   21.71 v _1094_/D (sky130_fd_sc_hd__and4b_1)
                  0.06    0.23   21.93 v _1094_/X (sky130_fd_sc_hd__and4b_1)
     4    0.01                           _0402_ (net)
                  0.06    0.00   21.93 v _1097_/A (sky130_fd_sc_hd__or4bb_2)
                  0.14    0.73   22.66 v _1097_/X (sky130_fd_sc_hd__or4bb_2)
     4    0.01                           _0405_ (net)
                  0.14    0.00   22.66 v _1100_/B1 (sky130_fd_sc_hd__a22o_1)
                  0.06    0.24   22.90 v _1100_/X (sky130_fd_sc_hd__a22o_1)
     2    0.01                           _0408_ (net)
                  0.06    0.00   22.90 v _1102_/B2 (sky130_fd_sc_hd__a22o_1)
                  0.06    0.24   23.14 v _1102_/X (sky130_fd_sc_hd__a22o_1)
     2    0.01                           _0410_ (net)
                  0.06    0.00   23.14 v _1104_/B2 (sky130_fd_sc_hd__a22o_1)
                  0.06    0.23   23.38 v _1104_/X (sky130_fd_sc_hd__a22o_1)
     2    0.01                           _0412_ (net)
                  0.06    0.00   23.38 v _1112_/A2 (sky130_fd_sc_hd__a22o_1)
                  0.06    0.27   23.64 v _1112_/X (sky130_fd_sc_hd__a22o_1)
     2    0.01                           _0420_ (net)
                  0.06    0.00   23.64 v _1117_/A2 (sky130_fd_sc_hd__a22o_1)
                  0.06    0.27   23.91 v _1117_/X (sky130_fd_sc_hd__a22o_1)
     2    0.01                           _0425_ (net)
                  0.06    0.00   23.91 v _1196_/A2 (sky130_fd_sc_hd__a22o_1)
                  0.06    0.26   24.18 v _1196_/X (sky130_fd_sc_hd__a22o_1)
     2    0.01                           _0504_ (net)
                  0.06    0.00   24.18 v _1197_/C (sky130_fd_sc_hd__nand3_1)
                  0.13    0.14   24.32 ^ _1197_/Y (sky130_fd_sc_hd__nand3_1)
     4    0.01                           _0505_ (net)
                  0.13    0.00   24.32 ^ _1205_/C_N (sky130_fd_sc_hd__or4bb_1)
                  0.12    0.57   24.89 v _1205_/X (sky130_fd_sc_hd__or4bb_1)
     4    0.01                           _0513_ (net)
                  0.12    0.00   24.89 v _1213_/D_N (sky130_fd_sc_hd__or4bb_1)
                  0.09    0.24   25.13 ^ _1213_/X (sky130_fd_sc_hd__or4bb_1)
     3    0.01                           _0521_ (net)
                  0.09    0.00   25.13 ^ rebuffer19/A (sky130_fd_sc_hd__clkbuf_1)
                  0.05    0.11   25.24 ^ rebuffer19/X (sky130_fd_sc_hd__clkbuf_1)
     1    0.00                           net54 (net)
                  0.05    0.00   25.24 ^ rebuffer18/A (sky130_fd_sc_hd__clkbuf_1)
                  0.08    0.11   25.36 ^ rebuffer18/X (sky130_fd_sc_hd__clkbuf_1)
     1    0.01                           net53 (net)
                  0.08    0.00   25.36 ^ _1222_/A (sky130_fd_sc_hd__nand4_2)
                  0.14    0.13   25.48 v _1222_/Y (sky130_fd_sc_hd__nand4_2)
     4    0.01                           _0530_ (net)
                  0.14    0.00   25.48 v _1284_/A1 (sky130_fd_sc_hd__a21o_1)
                  0.07    0.23   25.72 v _1284_/X (sky130_fd_sc_hd__a21o_1)
     2    0.01                           _0592_ (net)
                  0.07    0.00   25.72 v _1294_/A2 (sky130_fd_sc_hd__a22o_1)
                  0.08    0.29   26.01 v _1294_/X (sky130_fd_sc_hd__a22o_1)
     2    0.01                           _0602_ (net)
                  0.08    0.00   26.01 v _1301_/A2 (sky130_fd_sc_hd__a22o_1)
                  0.08    0.30   26.30 v _1301_/X (sky130_fd_sc_hd__a22o_1)
     2    0.01                           _0609_ (net)
                  0.08    0.00   26.30 v _1317_/A2 (sky130_fd_sc_hd__a22o_1)
                  0.06    0.27   26.57 v _1317_/X (sky130_fd_sc_hd__a22o_1)
     3    0.01                           _0625_ (net)
                  0.06    0.00   26.57 v _1318_/C (sky130_fd_sc_hd__and3_1)
                  0.07    0.23   26.80 v _1318_/X (sky130_fd_sc_hd__and3_1)
     4    0.01                           _0626_ (net)
                  0.07    0.00   26.80 v _1337_/B1 (sky130_fd_sc_hd__o2bb2a_1)
                  0.06    0.33   27.13 v _1337_/X (sky130_fd_sc_hd__o2bb2a_1)
     1    0.01                           _0645_ (net)
                  0.06    0.00   27.13 v _1338_/B (sky130_fd_sc_hd__nor2_2)
                  0.24    0.22   27.34 ^ _1338_/Y (sky130_fd_sc_hd__nor2_2)
     4    0.02                           _0646_ (net)
                  0.24    0.00   27.34 ^ _1339_/A3 (sky130_fd_sc_hd__a32oi_4)
                  0.09    0.14   27.49 v _1339_/Y (sky130_fd_sc_hd__a32oi_4)
     2    0.01                           _0647_ (net)
                  0.09    0.00   27.49 v _1340_/B (sky130_fd_sc_hd__xnor2_1)
                  0.21    0.22   27.71 ^ _1340_/Y (sky130_fd_sc_hd__xnor2_1)
     2    0.01                           _0648_ (net)
                  0.21    0.00   27.71 ^ _1346_/B (sky130_fd_sc_hd__nand2b_1)
                  0.11    0.15   27.86 v _1346_/Y (sky130_fd_sc_hd__nand2b_1)
     3    0.01                           _0654_ (net)
                  0.11    0.00   27.86 v _1364_/A (sky130_fd_sc_hd__xnor2_1)
                  0.16    0.22   28.08 ^ _1364_/Y (sky130_fd_sc_hd__xnor2_1)
     2    0.01                           _0672_ (net)
                  0.16    0.00   28.08 ^ _1381_/A2_N (sky130_fd_sc_hd__o2bb2a_1)
                  0.06    0.25   28.33 v _1381_/X (sky130_fd_sc_hd__o2bb2a_1)
     1    0.00                           _0689_ (net)
                  0.06    0.00   28.33 v _1382_/B2 (sky130_fd_sc_hd__a2bb2o_1)
                  0.05    0.25   28.58 v _1382_/X (sky130_fd_sc_hd__a2bb2o_1)
     1    0.00                           _0690_ (net)
                  0.05    0.00   28.58 v _1385_/A1 (sky130_fd_sc_hd__a211o_1)
                  0.05    0.26   28.85 v _1385_/X (sky130_fd_sc_hd__a211o_1)
     1    0.00                           _0008_ (net)
                  0.05    0.00   28.85 v _1397_/D (sky130_fd_sc_hd__dfrtp_1)
                                 28.85   data arrival time

                         37.04   37.04   clock clk (rise edge)
                          0.00   37.04   clock source latency
                  0.04    0.03   37.07 ^ clk (in)
     1    0.01                           clk (net)
                  0.04    0.00   37.07 ^ clkbuf_0_clk/A (sky130_fd_sc_hd__clkbuf_16)
                  0.08    0.15   37.22 ^ clkbuf_0_clk/X (sky130_fd_sc_hd__clkbuf_16)
     8    0.06                           clknet_0_clk (net)
                  0.08    0.00   37.22 ^ clkbuf_3_0__f_clk/A (sky130_fd_sc_hd__clkbuf_16)
                  0.05    0.14   37.36 ^ clkbuf_3_0__f_clk/X (sky130_fd_sc_hd__clkbuf_16)
     9    0.03                           clknet_3_0__leaf_clk (net)
                  0.05    0.00   37.36 ^ _1397_/CLK (sky130_fd_sc_hd__dfrtp_1)
                         -0.25   37.11   clock uncertainty
                          0.00   37.11   clock reconvergence pessimism
                         -0.12   36.99   library setup time
                                 36.99   data required time
-----------------------------------------------------------------------------
                                 36.99   data required time
                                -28.85   data arrival time
-----------------------------------------------------------------------------
                                  8.14   slack (MET)




===========================================================================
report_checks --slack_max -0.01
============================================================================
======================= Typical Corner ===================================

No paths found.


===========================================================================
 report_check_types -max_slew -max_cap -max_fanout -violators
============================================================================
======================= Typical Corner ===================================

max fanout

Pin                                   Limit Fanout  Slack
---------------------------------------------------------
clkbuf_3_7__f_clk/X                      10     11        (VIOLATED)



===========================================================================
report_parasitic_annotation -report_unannotated
============================================================================
Found 935 unannotated drivers.
 STABLE_CYCLES[0]
 STABLE_CYCLES[1]
 STABLE_CYCLES[2]
 STABLE_CYCLES[3]
 STABLE_CYCLES[4]
 STABLE_CYCLES[5]
 THRESHOLD[0]
 THRESHOLD[1]
 THRESHOLD[2]
 THRESHOLD[3]
 THRESHOLD[4]
 THRESHOLD[5]
 THRESHOLD[6]
 WINDOW_SIZE[0]
 WINDOW_SIZE[1]
 WINDOW_SIZE[2]
 WINDOW_SIZE[3]
 WINDOW_SIZE[4]
 WINDOW_SIZE[5]
 WINDOW_SIZE[6]
 async_in
 clk
 rst_n
 _0693_/X
 _0694_/X
 _0695_/Y
 _0696_/Y
 _0697_/Y
 _0698_/Y
 _0699_/Y
 _0700_/Y
 _0701_/X
 _0702_/X
 _0703_/X
 _0704_/X
 _0705_/X
 _0706_/X
 _0707_/X
 _0708_/X
 _0709_/Y
 _0710_/Y
 _0711_/Y
 _0712_/X
 _0713_/X
 _0714_/Y
 _0715_/X
 _0716_/X
 _0717_/X
 _0718_/X
 _0719_/Y
 _0720_/X
 _0721_/X
 _0722_/X
 _0723_/X
 _0724_/X
 _0725_/X
 _0726_/X
 _0727_/X
 _0728_/X
 _0729_/Y
 _0730_/X
 _0731_/X
 _0732_/Y
 _0733_/X
 _0734_/X
 _0735_/Y
 _0736_/X
 _0737_/Y
 _0738_/X
 _0739_/Y
 _0740_/Y
 _0741_/X
 _0742_/Y
 _0743_/X
 _0744_/Y
 _0745_/Y
 _0746_/Y
 _0747_/Y
 _0748_/X
 _0749_/X
 _0750_/X
 _0751_/Y
 _0752_/X
 _0753_/X
 _0754_/X
 _0755_/X
 _0756_/X
 _0757_/X
 _0758_/X
 _0759_/X
 _0760_/X
 _0761_/X
 _0762_/X
 _0763_/Y
 _0764_/X
 _0765_/X
 _0766_/Y
 _0767_/X
 _0768_/X
 _0769_/X
 _0770_/X
 _0771_/X
 _0772_/X
 _0773_/X
 _0774_/X
 _0775_/Y
 _0776_/X
 _0777_/X
 _0778_/Y
 _0779_/X
 _0780_/Y
 _0781_/Y
 _0782_/X
 _0783_/X
 _0784_/X
 _0785_/X
 _0786_/X
 _0787_/X
 _0788_/X
 _0789_/X
 _0790_/Y
 _0791_/X
 _0792_/X
 _0793_/Y
 _0794_/X
 _0795_/X
 _0796_/X
 _0797_/X
 _0798_/Y
 _0799_/X
 _0800_/X
 _0801_/X
 _0802_/X
 _0803_/X
 _0804_/X
 _0805_/Y
 _0806_/Y
 _0807_/X
 _0808_/Y
 _0809_/Y
 _0810_/Y
 _0811_/X
 _0812_/X
 _0813_/Y
 _0814_/X
 _0815_/X
 _0816_/X
 _0817_/Y
 _0818_/Y
 _0819_/X
 _0820_/Y
 _0821_/Y
 _0822_/X
 _0823_/X
 _0824_/X
 _0825_/X
 _0826_/X
 _0827_/X
 _0828_/Y
 _0829_/X
 _0830_/Y
 _0831_/Y
 _0832_/X
 _0833_/Y
 _0834_/X
 _0835_/X
 _0836_/X
 _0837_/Y
 _0838_/Y
 _0839_/X
 _0840_/Y
 _0841_/X
 _0842_/Y
 _0843_/X
 _0844_/X
 _0845_/X
 _0846_/X
 _0847_/X
 _0848_/X
 _0849_/X
 _0850_/Y
 _0851_/Y
 _0852_/Y
 _0853_/Y
 _0854_/X
 _0855_/X
 _0856_/X
 _0857_/Y
 _0858_/Y
 _0859_/X
 _0860_/X
 _0861_/Y
 _0862_/X
 _0863_/Y
 _0864_/X
 _0865_/X
 _0866_/X
 _0867_/X
 _0868_/X
 _0869_/X
 _0870_/X
 _0871_/Y
 _0872_/Y
 _0873_/X
 _0874_/X
 _0875_/X
 _0876_/X
 _0877_/Y
 _0878_/Y
 _0879_/Y
 _0880_/X
 _0881_/X
 _0882_/Y
 _0883_/Y
 _0884_/X
 _0885_/X
 _0886_/Y
 _0887_/X
 _0888_/Y
 _0889_/Y
 _0890_/X
 _0891_/X
 _0892_/X
 _0893_/X
 _0894_/X
 _0895_/X
 _0896_/Y
 _0897_/Y
 _0898_/X
 _0899_/Y
 _0900_/Y
 _0901_/Y
 _0902_/X
 _0903_/Y
 _0904_/Y
 _0905_/Y
 _0906_/Y
 _0907_/Y
 _0908_/X
 _0909_/Y
 _0910_/X
 _0911_/X
 _0912_/X
 _0913_/Y
 _0914_/X
 _0915_/X
 _0916_/X
 _0917_/X
 _0918_/X
 _0919_/X
 _0920_/X
 _0921_/X
 _0922_/X
 _0923_/X
 _0924_/X
 _0925_/Y
 _0926_/X
 _0927_/Y
 _0928_/Y
 _0929_/Y
 _0930_/Y
 _0931_/X
 _0932_/X
 _0933_/X
 _0934_/Y
 _0935_/Y
 _0936_/X
 _0937_/X
 _0938_/X
 _0939_/X
 _0940_/Y
 _0941_/X
 _0942_/Y
 _0943_/Y
 _0944_/X
 _0945_/Y
 _0946_/X
 _0947_/Y
 _0948_/X
 _0949_/Y
 _0950_/X
 _0951_/X
 _0952_/X
 _0953_/X
 _0954_/Y
 _0955_/X
 _0956_/X
 _0957_/Y
 _0958_/X
 _0959_/Y
 _0960_/X
 _0961_/X
 _0962_/Y
 _0963_/Y
 _0964_/X
 _0965_/Y
 _0966_/Y
 _0967_/X
 _0968_/X
 _0969_/Y
 _0970_/Y
 _0971_/Y
 _0972_/X
 _0973_/X
 _0974_/X
 _0975_/Y
 _0976_/Y
 _0977_/X
 _0978_/Y
 _0979_/Y
 _0980_/X
 _0981_/X
 _0982_/X
 _0983_/X
 _0984_/Y
 _0985_/X
 _0986_/X
 _0987_/X
 _0988_/Y
 _0989_/Y
 _0990_/Y
 _0991_/Y
 _0992_/X
 _0993_/X
 _0994_/X
 _0995_/X
 _0996_/X
 _0997_/X
 _0998_/Y
 _0999_/X
 _1000_/Y
 _1001_/Y
 _1002_/Y
 _1003_/Y
 _1004_/X
 _1005_/Y
 _1006_/X
 _1007_/X
 _1008_/Y
 _1009_/X
 _1010_/Y
 _1011_/Y
 _1012_/X
 _1013_/X
 _1014_/X
 _1015_/Y
 _1016_/X
 _1017_/X
 _1018_/X
 _1019_/Y
 _1020_/X
 _1021_/X
 _1022_/X
 _1023_/X
 _1024_/Y
 _1025_/X
 _1026_/X
 _1027_/X
 _1028_/Y
 _1029_/Y
 _1030_/X
 _1031_/X
 _1032_/Y
 _1033_/X
 _1034_/X
 _1035_/Y
 _1036_/Y
 _1037_/X
 _1038_/X
 _1039_/Y
 _1040_/X
 _1041_/X
 _1042_/X
 _1043_/X
 _1044_/X
 _1045_/Y
 _1046_/Y
 _1047_/X
 _1048_/X
 _1049_/Y
 _1050_/X
 _1051_/X
 _1052_/X
 _1053_/X
 _1054_/X
 _1055_/Y
 _1056_/X
 _1057_/X
 _1058_/Y
 _1059_/X
 _1060_/X
 _1061_/X
 _1062_/Y
 _1063_/X
 _1064_/X
 _1065_/X
 _1066_/X
 _1067_/X
 _1068_/X
 _1069_/X
 _1070_/X
 _1071_/X
 _1072_/X
 _1073_/Y
 _1074_/Y
 _1075_/X
 _1076_/X
 _1077_/X
 _1078_/Y
 _1079_/X
 _1080_/Y
 _1081_/Y
 _1082_/X
 _1083_/X
 _1084_/X
 _1085_/X
 _1086_/X
 _1087_/X
 _1088_/Y
 _1089_/X
 _1090_/Y
 _1091_/X
 _1092_/Y
 _1093_/X
 _1094_/X
 _1095_/Y
 _1096_/X
 _1097_/X
 _1098_/X
 _1099_/Y
 _1100_/X
 _1101_/Y
 _1102_/X
 _1103_/Y
 _1104_/X
 _1105_/X
 _1106_/X
 _1107_/Y
 _1108_/Y
 _1109_/X
 _1110_/Y
 _1111_/Y
 _1112_/X
 _1113_/X
 _1114_/X
 _1115_/X
 _1116_/Y
 _1117_/X
 _1118_/X
 _1119_/Y
 _1120_/Y
 _1121_/Y
 _1122_/X
 _1123_/X
 _1124_/X
 _1125_/Y
 _1126_/Y
 _1127_/Y
 _1128_/Y
 _1129_/X
 _1130_/Y
 _1131_/Y
 _1132_/X
 _1133_/X
 _1134_/X
 _1135_/Y
 _1136_/X
 _1137_/Y
 _1138_/X
 _1139_/X
 _1140_/Y
 _1141_/X
 _1142_/X
 _1143_/Y
 _1144_/Y
 _1145_/X
 _1146_/X
 _1147_/X
 _1148_/X
 _1149_/X
 _1150_/Y
 _1151_/Y
 _1152_/X
 _1153_/Y
 _1154_/Y
 _1155_/Y
 _1156_/X
 _1157_/X
 _1158_/X
 _1159_/Y
 _1160_/Y
 _1161_/X
 _1162_/Y
 _1163_/Y
 _1164_/X
 _1165_/Y
 _1166_/Y
 _1167_/X
 _1168_/X
 _1169_/Y
 _1170_/Y
 _1171_/X
 _1172_/X
 _1173_/X
 _1174_/Y
 _1175_/Y
 _1176_/X
 _1177_/Y
 _1178_/Y
 _1179_/Y
 _1180_/X
 _1181_/X
 _1182_/Y
 _1183_/X
 _1184_/Y
 _1185_/Y
 _1186_/X
 _1187_/X
 _1188_/Y
 _1189_/Y
 _1190_/X
 _1191_/X
 _1192_/Y
 _1193_/X
 _1194_/X
 _1195_/X
 _1196_/X
 _1197_/Y
 _1198_/X
 _1199_/Y
 _1200_/X
 _1201_/X
 _1202_/X
 _1203_/Y
 _1204_/X
 _1205_/X
 _1206_/Y
 _1207_/X
 _1208_/Y
 _1209_/X
 _1210_/X
 _1211_/Y
 _1212_/X
 _1213_/X
 _1214_/X
 _1215_/X
 _1216_/X
 _1217_/Y
 _1218_/Y
 _1219_/Y
 _1220_/Y
 _1221_/X
 _1222_/Y
 _1223_/X
 _1224_/Y
 _1225_/Y
 _1226_/X
 _1227_/X
 _1228_/X
 _1229_/Y
 _1230_/X
 _1231_/Y
 _1232_/Y
 _1233_/Y
 _1234_/Y
 _1235_/Y
 _1236_/Y
 _1237_/X
 _1238_/X
 _1239_/X
 _1240_/Y
 _1241_/X
 _1242_/Y
 _1243_/Y
 _1244_/X
 _1245_/Y
 _1246_/Y
 _1247_/X
 _1248_/Y
 _1249_/Y
 _1250_/X
 _1251_/Y
 _1252_/Y
 _1253_/Y
 _1254_/X
 _1255_/Y
 _1256_/X
 _1257_/Y
 _1258_/X
 _1259_/X
 _1260_/Y
 _1261_/X
 _1262_/X
 _1263_/Y
 _1264_/X
 _1265_/Y
 _1266_/X
 _1267_/Y
 _1268_/Y
 _1269_/Y
 _1270_/Y
 _1271_/X
 _1272_/X
 _1273_/Y
 _1274_/Y
 _1275_/X
 _1276_/X
 _1277_/X
 _1278_/X
 _1279_/X
 _1280_/X
 _1281_/Y
 _1282_/Y
 _1283_/Y
 _1284_/X
 _1285_/X
 _1286_/Y
 _1287_/Y
 _1288_/Y
 _1289_/Y
 _1290_/Y
 _1291_/Y
 _1292_/Y
 _1293_/X
 _1294_/X
 _1295_/X
 _1296_/X
 _1297_/X
 _1298_/Y
 _1299_/X
 _1300_/Y
 _1301_/X
 _1302_/X
 _1303_/Y
 _1304_/Y
 _1305_/X
 _1306_/X
 _1307_/X
 _1308_/Y
 _1309_/X
 _1310_/Y
 _1311_/Y
 _1312_/Y
 _1313_/Y
 _1314_/Y
 _1315_/Y
 _1316_/X
 _1317_/X
 _1318_/X
 _1319_/Y
 _1320_/Y
 _1321_/Y
 _1322_/Y
 _1323_/Y
 _1324_/Y
 _1325_/X
 _1326_/Y
 _1327_/Y
 _1328_/X
 _1329_/X
 _1330_/X
 _1331_/X
 _1332_/Y
 _1333_/Y
 _1334_/Y
 _1335_/X
 _1336_/Y
 _1337_/X
 _1338_/Y
 _1339_/Y
 _1340_/Y
 _1341_/X
 _1342_/X
 _1343_/Y
 _1344_/Y
 _1345_/X
 _1346_/Y
 _1347_/X
 _1348_/Y
 _1349_/X
 _1350_/X
 _1351_/X
 _1352_/X
 _1353_/X
 _1354_/X
 _1355_/X
 _1356_/X
 _1357_/X
 _1358_/X
 _1359_/X
 _1360_/Y
 _1361_/X
 _1362_/X
 _1363_/X
 _1364_/Y
 _1365_/Y
 _1366_/X
 _1367_/X
 _1368_/Y
 _1369_/Y
 _1370_/X
 _1371_/Y
 _1372_/Y
 _1373_/X
 _1374_/Y
 _1375_/Y
 _1376_/X
 _1377_/Y
 _1378_/Y
 _1379_/X
 _1380_/Y
 _1381_/X
 _1382_/X
 _1383_/Y
 _1384_/Y
 _1385_/X
 _1386_/Q
 _1387_/Q
 _1388_/Q
 _1389_/Q
 _1390_/Q
 _1391_/Q
 _1392_/Q
 _1393_/Q
 _1394_/Q
 _1395_/Q
 _1396_/Q
 _1397_/Q
 _1398_/Q
 _1399_/Q
 _1400_/Q
 _1401_/Q
 _1402_/Q
 _1403_/Q
 _1404_/Q
 _1405_/Q
 _1406_/Q
 _1407_/Q
 _1408_/Q
 _1409_/Q
 _1410_/Q
 _1411_/Q
 _1412_/Q
 _1413_/Q
 _1414_/Q
 _1415_/Q
 _1416_/Q
 _1417_/Q
 _1418_/Q
 _1419_/Q
 _1420_/Q
 _1421_/Q
 _1422_/Q
 _1423_/Q
 _1424_/Q
 _1425_/Q
 _1426_/Q
 _1427_/Q
 _1428_/Q
 _1429_/Q
 _1430_/Q
 _1431_/Q
 _1432_/Q
 _1433_/Q
 _1434_/Q
 _1435_/Q
 _1436_/Q
 _1437_/Q
 _1438_/Q
 _1439_/Q
 _1440_/Q
 _1441_/Q
 _1442_/Q
 _1443_/Q
 _1444_/Q
 _1445_/Q
 _1446_/Q
 _1447_/Q
 _1448_/Q
 _1449_/Q
 _1450_/Q
 _1451_/Q
 _1452_/Q
 _1453_/Q
 _1454_/Q
 _1455_/Q
 _1456_/Q
 _1457_/Q
 _1458_/Q
 _1459_/Q
 _1460_/Q
 _1461_/Q
 clkbuf_0_clk/X
 clkbuf_3_0__f_clk/X
 clkbuf_3_1__f_clk/X
 clkbuf_3_2__f_clk/X
 clkbuf_3_3__f_clk/X
 clkbuf_3_4__f_clk/X
 clkbuf_3_5__f_clk/X
 clkbuf_3_6__f_clk/X
 clkbuf_3_7__f_clk/X
 fanout26/X
 fanout27/X
 fanout28/X
 fanout29/X
 fanout30/X
 fanout31/X
 fanout32/X
 fanout33/X
 fanout34/X
 fanout35/X
 hold29/X
 hold30/X
 hold31/X
 hold32/X
 hold33/X
 hold34/X
 hold35/X
 hold36/X
 hold37/X
 hold38/X
 hold39/X
 hold40/X
 hold41/X
 hold42/X
 hold43/X
 hold44/X
 hold45/X
 hold46/X
 hold47/X
 hold48/X
 hold49/X
 hold50/X
 hold51/X
 hold52/X
 hold53/X
 hold54/X
 hold55/X
 hold56/X
 hold57/X
 hold58/X
 hold59/X
 hold60/X
 hold61/X
 hold62/X
 hold63/X
 hold64/X
 hold65/X
 hold66/X
 hold67/X
 hold68/X
 hold69/X
 hold70/X
 hold71/X
 hold72/X
 hold73/X
 hold74/X
 hold75/X
 hold76/X
 hold77/X
 hold78/X
 hold79/X
 hold80/X
 hold81/X
 hold82/X
 hold83/X
 hold84/X
 hold85/X
 hold86/X
 hold87/X
 hold88/X
 hold89/X
 hold90/X
 hold91/X
 hold92/X
 hold93/X
 hold94/X
 hold95/X
 hold96/X
 hold97/X
 hold98/X
 hold99/X
 input1/X
 input10/X
 input11/X
 input12/X
 input13/X
 input14/X
 input15/X
 input16/X
 input17/X
 input18/X
 input19/X
 input2/X
 input20/X
 input21/X
 input22/X
 input3/X
 input4/X
 input5/X
 input6/X
 input7/X
 input8/X
 input9/X
 max_cap24/X
 max_cap25/X
 output23/X
 rebuffer1/X
 rebuffer10/X
 rebuffer11/X
 rebuffer13/X
 rebuffer14/X
 rebuffer15/X
 rebuffer16/X
 rebuffer17/X
 rebuffer18/X
 rebuffer19/X
 rebuffer2/X
 rebuffer20/X
 rebuffer21/X
 rebuffer22/X
 rebuffer23/X
 rebuffer24/X
 rebuffer26/X
 rebuffer27/X
 rebuffer28/X
 rebuffer3/X
 rebuffer4/X
 rebuffer5/X
 rebuffer6/X
 rebuffer7/X
 rebuffer8/X
 rebuffer9/X
 split12/X
 split25/X
Found 0 partially unannotated drivers.

===========================================================================
max slew violation count 0
max fanout violation count 1
max cap violation count 0
============================================================================

===========================================================================
check_setup -verbose -unconstrained_endpoints -multiple_clock -no_clock -no_input_delay -loops -generated_clocks
===========================================================================
